exports[`Header:snapshot should render correctly 1`] = `
<nav
  className="nav">
  <div
    className="container">
    <div
      className="nav-left">
      <div
        className="nav-item"
        onClick={[Function noOp]}>
        Top
      </div>
      <div
        className="nav-item"
        onClick={[Function noOp]}>
        Best
      </div>
      <div
        className="nav-item"
        onClick={[Function noOp]}>
        New
      </div>
      <div
        className="nav-item"
        onClick={[Function noOp]}>
        Ask
      </div>
      <div
        className="nav-item"
        onClick={[Function noOp]}>
        Show
      </div>
      <div
        className="nav-item"
        onClick={[Function noOp]}>
        Job
      </div>
    </div>
  </div>
</nav>
`;
