exports[`Header:snapshot should render correctly 1`] = `
<nav
  className="nav">
  <div
    className="container">
    <div
      className="nav-left">
      <span
        className="nav-item">
        <a
          className="button is-link"
          onClick={[Function noOp]}>
          Top
        </a>
      </span>
      <span
        className="nav-item">
        <a
          className="button is-link"
          onClick={[Function noOp]}>
          Best
        </a>
      </span>
      <span
        className="nav-item">
        <a
          className="button is-link"
          onClick={[Function noOp]}>
          New
        </a>
      </span>
      <span
        className="nav-item">
        <a
          className="button is-link"
          onClick={[Function noOp]}>
          Ask
        </a>
      </span>
      <span
        className="nav-item">
        <a
          className="button is-link"
          onClick={[Function noOp]}>
          Show
        </a>
      </span>
      <span
        className="nav-item">
        <a
          className="button is-link"
          onClick={[Function noOp]}>
          Job
        </a>
      </span>
    </div>
  </div>
</nav>
`;
