exports[`PageSelector:snapshot should render correctly 1`] = `
<nav
  className="nav">
  <div
    className="pagination container">
    <Link
      className="button"
      to={
        Object {
          "pathname": "route",
          "query": Object {
            "page": 4
          }
        }
      }>
       Previous 
    </Link>
    <Link
      className="button"
      to={
        Object {
          "pathname": "route",
          "query": Object {
            "page": 6
          }
        }
      }>
       Next 
    </Link>
    <ul>
      <li>
        <Link
          className="button is-hidden-mobile"
          to={
            Object {
              "pathname": "route",
              "query": Object {
                "page": 2
              }
            }
          }>
           
          2
           
        </Link>
      </li>
      <li>
        <Link
          className="button is-hidden-mobile"
          to={
            Object {
              "pathname": "route",
              "query": Object {
                "page": 3
              }
            }
          }>
           
          3
           
        </Link>
      </li>
      <li>
        <Link
          className="button is-hidden-mobile"
          to={
            Object {
              "pathname": "route",
              "query": Object {
                "page": 4
              }
            }
          }>
           
          4
           
        </Link>
      </li>
      <li>
        <Link
          className="button is-hidden-mobile is-primary"
          to={
            Object {
              "pathname": "route",
              "query": Object {
                "page": 5
              }
            }
          }>
           
          5
           
        </Link>
      </li>
      <li>
        <Link
          className="button is-hidden-mobile"
          to={
            Object {
              "pathname": "route",
              "query": Object {
                "page": 6
              }
            }
          }>
           
          6
           
        </Link>
      </li>
      <li>
        <Link
          className="button is-hidden-mobile"
          to={
            Object {
              "pathname": "route",
              "query": Object {
                "page": 7
              }
            }
          }>
           
          7
           
        </Link>
      </li>
      <li>
        <Link
          className="button is-hidden-mobile"
          to={
            Object {
              "pathname": "route",
              "query": Object {
                "page": 8
              }
            }
          }>
           
          8
           
        </Link>
      </li>
    </ul>
  </div>
</nav>
`;
